<html>
<body>
<pre>
<h1>礦ision Build Log</h1>
<h2>Tool Versions:</h2>
IDE-Version: μVision V5.27.0.0
Copyright (C) 2018 ARM Ltd and ARM Germany GmbH. All rights reserved.
License Information:  ,  , LIC=V859U-S88L1-MRYXP-MIX3V-5TI5Y-LH3VM
 
Tool Versions:
Toolchain:       MDK-ARM Professional  Version: 5.27.0.0
Toolchain Path:  C:\Keil_v5\ARM\ARMCC\Bin
C Compiler:      Armcc.exe V5.06 update 6 (build 750)
Assembler:       Armasm.exe V5.06 update 6 (build 750)
Linker/Locator:  ArmLink.exe V5.06 update 6 (build 750)
Library Manager: ArmAr.exe V5.06 update 6 (build 750)
Hex Converter:   FromElf.exe V5.06 update 6 (build 750)
CPU DLL:         SARMCM3.DLL V5.27.0.0
Dialog DLL:      DCM.DLL V1.17.2.0
Target DLL:      Segger\JL2CM3.dll V2.99.34.0
Dialog DLL:      TCM.DLL V1.36.1.0
 
<h2>Project:</h2>
D:\菲莫\综合分站\SubStation\Station.uvproj
Project File Date:  01/14/2019

<h2>Output:</h2>
*** Using Compiler 'V5.06 update 6 (build 750)', folder: 'C:\Keil_v5\ARM\ARMCC\Bin'
Build target 'Station'
compiling BoardCastCmd.c...
APP\BOARDCASTCMD\BoardCastCmd.c(5): warning:  #177-D: variable "i"  was declared but never referenced
  	u8 i,destAddr;
APP\BOARDCASTCMD\BoardCastCmd.c(5): warning:  #177-D: variable "destAddr"  was declared but never referenced
  	u8 i,destAddr;
APP\BOARDCASTCMD\BoardCastCmd.c(6): warning:  #550-D: variable "cmdLen"  was set but never used
  	u16 framLen,cmdLen,musicIndex;
APP\BOARDCASTCMD\BoardCastCmd.c(6): warning:  #177-D: variable "musicIndex"  was declared but never referenced
  	u16 framLen,cmdLen,musicIndex;
APP\BOARDCASTCMD\BoardCastCmd.c: 4 warnings, 0 errors
linking...
Program Size: Code=68216 RO-data=176332 RW-data=800 ZI-data=33677416  
FromELF: creating hex file...
After Build - User command #1: fromelf --bin -o "E:\工具生成\固件更新\综合分站\station.bin" "D:\菲莫\综合分站\SubStation\Objects\Station.axf"
".\Objects\Station.axf" - 0 Error(s), 4 Warning(s).
Build Time Elapsed:  00:00:02
</pre>
</body>
</html>
